// Vitest Snapshot v1, https://vitest.dev/guide/snapshot.html

exports[`Snapshat of ButtonComponent 1`] = `
<button
  data-testid="testid-btn"
  onClick={[Function]}
  type="button"
>
  Convert
</button>
`;
