// Vitest Snapshot v1, https://vitest.dev/guide/snapshot.html

exports[`Snapshat of LabelInputComponent 1`] = `
[
  <label>
     :
  </label>,
  <input
    onChange={[Function]}
    placeholder=""
    type="text"
  />,
]
`;
