// Vitest Snapshot v1, https://vitest.dev/guide/snapshot.html

exports[`Snapshat of ResultComponent 1`] = `
<span
  data-testid="span-testid"
>
  Result : 
  Not binary !!!
</span>
`;
